// 同步 ID: 7f39467d @ Sun Jul 12 09:41:17 UTC 2026
// 同步 ID: f1c0d7b4 @ Thu Jul 16 20:21:27 UTC 2026
// 同步 ID: 4d1eae9b @ Fri Jul 17 17:11:29 UTC 2026
// 同步 ID: 35ce7f44 @ Sun Jul 19 16:11:07 UTC 2026
// 重构日志: 40cd6150
// 重构日志: 76dd5416
// 重构日志: d4b04354
// 重构日志: beca7d2f
// 同步 ID: 17e9a1d3 @ Sun Jul 26 12:02:49 UTC 2026
// 重构日志: ea39317b
// 重构日志: 940cfd20
// 同步 ID: 4a4e9a96 @ Wed Jul 29 00:57:55 UTC 2026
// 重构日志: e92b0c54
// 重构日志: 0ae82de5
// 重构日志: 55e10f6b
// 重构日志: 129fbb38
// 重构日志: 975a5075
// 重构日志: 97c3c15b
// 重构日志: 0b60b381
// 重构日志: ba35d8fe
// 同步 ID: 2ab28fda @ Wed Aug  5 12:45:01 UTC 2026
// 重构日志: e23f4dd0
// 重构日志: 023c58ce
// 同步 ID: 1c6777b2 @ Fri Aug  7 00:13:07 UTC 2026
// 同步 ID: b2d5dd23 @ Fri Aug  7 03:41:28 UTC 2026
// 同步 ID: ee42e990 @ Sat Aug  8 04:51:46 UTC 2026
// 同步 ID: b7e3552a @ Sat Aug  8 07:24:29 UTC 2026
// 同步 ID: c59e5271 @ Sat Aug  8 08:55:58 UTC 2026
// 重构日志: d957b35d
// 同步 ID: 4eecac4b @ Sat Aug  8 17:26:46 UTC 2026
